
Running 1 test using 1 worker

[1A[2K[1/1] [chromium] ΓÇ║ tests\global-project-filtering.spec.ts:4:3 ΓÇ║ Global Project Filtering ΓÇ║ should filter tasks globally when a project is selected in the sidebar
[1A[2K  1) [chromium] ΓÇ║ tests\global-project-filtering.spec.ts:4:3 ΓÇ║ Global Project Filtering ΓÇ║ should filter tasks globally when a project is selected in the sidebar 

    Error: [2mexpect([22m[31mlocator[39m[2m).[22mtoBeVisible[2m([22m[2m)[22m failed

    Locator: getByText('L-Task 1772979949531')
    Expected: visible
    Timeout: 5000ms
    Error: element(s) not found

    Call log:
    [2m  - Expect "toBeVisible" with timeout 5000ms[22m
    [2m  - waiting for getByText('L-Task 1772979949531')[22m


      60 |     // 9. Verify the filter cleared
      61 |     await expect(page.getByTestId('active-filter-indicator')).not.toBeVisible();
    > 62 |     await expect(page.getByText(taskLoose)).toBeVisible();
         |                                             ^
      63 |     
      64 |     // Re-verify Anytime also has both if we go back without project selected
      65 |     await page.goto('/anytime');
        at C:\repos\pipe0.1\arre-app\tests\global-project-filtering.spec.ts:62:45

    Error Context: test-results\global-project-filtering-G-d7d0e--is-selected-in-the-sidebar-chromium\error-context.md


[1A[2K  1 failed
    [chromium] ΓÇ║ tests\global-project-filtering.spec.ts:4:3 ΓÇ║ Global Project Filtering ΓÇ║ should filter tasks globally when a project is selected in the sidebar 

[36m  Serving HTML report at http://localhost:9323. Press Ctrl+C to quit.[39m
